-----------------------------------------------------------
Server listening on 5201 (test #1)
-----------------------------------------------------------
WARNING:  Size of data read does not correspond to offered length
-----------------------------------------------------------
Server listening on 5201 (test #2)
-----------------------------------------------------------
Accepted connection from 10.0.2.2, port 58941
[  5] local 172.17.0.2 port 5201 connected to 10.0.2.2 port 58942
[ ID] Interval           Transfer     Bitrate
[  5]   0.00-1.00   sec  72.5 MBytes   606 Mbits/sec                  
[  5]   1.00-2.00   sec  70.4 MBytes   592 Mbits/sec                  
[  5]   2.00-3.00   sec  70.3 MBytes   589 Mbits/sec                  
[  5]   3.00-4.00   sec  70.2 MBytes   590 Mbits/sec                  
[  5]   4.00-5.00   sec  69.8 MBytes   586 Mbits/sec                  
[  5]   5.00-6.00   sec  71.1 MBytes   595 Mbits/sec                  
[  5]   6.00-7.00   sec  68.9 MBytes   579 Mbits/sec                  
[  5]   7.00-8.00   sec  66.5 MBytes   557 Mbits/sec                  
[  5]   8.00-9.00   sec  69.1 MBytes   580 Mbits/sec                  
[  5]   9.00-10.00  sec  66.9 MBytes   561 Mbits/sec                  
[  5]  10.00-10.00  sec   125 KBytes  1.56 Gbits/sec                  
- - - - - - - - - - - - - - - - - - - - - - - - -
[ ID] Interval           Transfer     Bitrate
[  5]   0.00-10.00  sec   696 MBytes   584 Mbits/sec                  receiver
-----------------------------------------------------------
Server listening on 5201 (test #3)
-----------------------------------------------------------
Accepted connection from 172.17.0.1, port 45796
[  5] local 172.17.0.2 port 5201 connected to 172.17.0.1 port 45806
[ ID] Interval           Transfer     Bitrate
[  5]   0.00-1.00   sec  2.91 GBytes  25.0 Gbits/sec                  
[  5]   1.00-2.00   sec  2.83 GBytes  24.3 Gbits/sec                  
[  5]   2.00-3.00   sec  2.85 GBytes  24.5 Gbits/sec                  
[  5]   3.00-4.00   sec  2.72 GBytes  23.3 Gbits/sec                  
[  5]   4.00-5.00   sec  2.96 GBytes  25.4 Gbits/sec                  
[  5]   5.00-6.00   sec  3.02 GBytes  25.9 Gbits/sec                  
[  5]   6.00-7.00   sec  2.98 GBytes  25.6 Gbits/sec                  
[  5]   7.00-8.00   sec  2.85 GBytes  24.5 Gbits/sec                  
[  5]   8.00-9.00   sec  2.83 GBytes  24.3 Gbits/sec                  
[  5]   9.00-10.00  sec  3.01 GBytes  25.9 Gbits/sec                  
[  5]  10.00-10.00  sec  4.00 MBytes  17.7 Gbits/sec                  
- - - - - - - - - - - - - - - - - - - - - - - - -
[ ID] Interval           Transfer     Bitrate
[  5]   0.00-10.00  sec  29.0 GBytes  24.9 Gbits/sec                  receiver
